date: 2026-08-29T17:06:45Z
sha: d942a1f6634020f50fb75414ec1ca4cb88b43778
candidate: d942a1f6634020f50fb75414ec1ca4cb88b43778
cwd: /Users/bilal/workspace/personal/orchid-orchid-T021
command: /bin/bash tests/test_plan.sh && /bin/bash tests/test_lessons.sh
prestate: 1
pre_base_sha: "63947e81da6f7d12c55cf456eccf3d3e5503cace"
pre_exec_missing: "lib/plancheck.sh"
pre_env_missing: ""
pre_env_inventory: ""
pre_pin_stale: ""
pre_integration_head: "63947e81da6f7d12c55cf456eccf3d3e5503cace"
---
  NOT-TESTED: a scratch directory that disappears or fills AFTER it was created, and a list generator that fails on a readable record -- the allocation half is fixtured above (an unusable TMPDIR); the post-allocation half -- _plancheck_body's refusals when either item generator exits nonzero, when the items file cannot be written or counted, or when the tasks directory cannot be staged -- has no portable fixture, since a directory this test can create is one it can write into and a journal it can read is one awk can parse
  not-tested: 1 claim(s) in this file were recorded as not-tested, never as passes
L001: added
L002: added
L001: updated
L002: updated
L002: active -> retired
exit: 0
