date: 2026-08-30T09:17:03Z
sha: e3db45be8095e3c9e8f73fdef9db279d937c8efd
candidate: b6eddd40c17f1b9a0826bd7c0642459781aa9aff
cwd: /var/folders/78/nq9t6wjn0px4x18prnmd7t240000gn/T//orchid-merge.0ioPen
command: /bin/bash tests/test_pack.sh && /bin/bash tests/test_drive.sh
command_status: 0
gate: /bin/bash scripts/ci-local.sh --bash /bin/bash --no-tests
gate_status: ran
gate_exit: 0
---
boundary cleared: operator-decision
  RED-CASE: an implement envelope filed by a still-running job advances nothing and captures no candidate
  GREEN-CASE: once the job has genuinely exited the same envelope advances the task, on its LAST commit
  RED-CASE: a stall-killed job whose envelope is still spooled costs no infra_failure and spawns no second implementer
  GREEN-CASE: the deferred envelope still reconciles and supplies the candidate the killed job really produced
  RED-CASE: a pid-0 job that filed an envelope and went silent is neither believed nor relaunched over: one rung, one boundary, one engine
  GREEN-CASE: the held envelope files itself as soon as the job's own exit is recorded — the refusal is about evidence, not about waiting
  RED-CASE: both of drive_testing's verify-refusal arms return instead of falling into the rework accounting
R010: WARNING — the last 3 round(s) failed with a byte-identical signature (rework_nonconvergence_max=3), so the next pass withholds the dispatch and stops this task again rather than spending a round re-asking an identically-answered question. Your reason is in the task body and will reach the next round, but something has to make verification answer differently first: fix it and run 'orchid task reverify R010 --reason "..."' (no attempt spent, and a changed failure restarts the count), or raise rework_nonconvergence_max if this loop really should get more rounds of the same question.

== merge_gate: /bin/bash scripts/ci-local.sh --bash /bin/bash --no-tests
== Bash syntax (161 shipped scripts; /bin/bash)
== ShellCheck exception policy
== Portability policy (POSIX find only)
== Portability policy (mtime via lib/common.sh file_mtime)
== ShellCheck (zero warnings)
CI PASS (static checks only; --no-tests)
exit: 0
